<?xml version="1.0" encoding="UTF-8"?>
<TestRun id="b80d6fcd-71c2-401d-82ff-781ad97629de" name="s.g.yu7h@INAGFFPTEC161W 2014-01-22 19:41:22" runUser="CORP\s.g.yu7h" xmlns="http://microsoft.com/schemas/VisualStudio/TeamTest/2010">
  <TestSettings name="Local" id="1747497b-b63c-46c6-9bbd-9937f9080ad4">
    <Description>These are default test settings for a local test run.</Description>
    <Deployment runDeploymentRoot="s.g.yu7h_INAGFFPTEC161W 2014-01-22 19_41_22">
      <DeploymentItem filename="C:\Users\s.g.yu7h\Desktop\net35\WebDriver.dll" />
      <DeploymentItem filename="GCMS_TestProject\bin\XML\GCMS-Live.xml" />
      <DeploymentItem filename="C:\Users\s.g.yu7h\Desktop\net35\Selenium.WebDriverBackedSelenium.dll" />
      <DeploymentItem filename="GCMS_TestProject\bin\XML\HotelPricer.xml" />
      <DeploymentItem filename="GCMS_TestProject\bin\XML\Beta1.xml" />
      <DeploymentItem filename="C:\Users\s.g.yu7h\Desktop\net35\WebDriver.Support.dll" />
      <DeploymentItem filename="C:\Users\s.g.yu7h\Desktop\net35\ThoughtWorks.Selenium.Core.dll" />
      <DeploymentItem filename="GCMS_TestProject\Library\BrowserExe\chromedriver.exe" />
      <DeploymentItem filename="GCMS_TestProject\Library\BrowserExe\IEDriverServer.exe" />
    </Deployment>
    <Execution>
      <TestTypeSpecific>
        <UnitTestRunConfig testTypeId="13cdc9d9-ddb5-4fa4-a97d-d965ccfc6d4b">
          <AssemblyResolution>
            <TestDirectory useLoadContext="true" />
          </AssemblyResolution>
        </UnitTestRunConfig>
      </TestTypeSpecific>
      <AgentRule name="Execution Agents">
      </AgentRule>
    </Execution>
  </TestSettings>
  <Times creation="2014-01-22T19:41:22.2390280+05:30" queuing="2014-01-22T19:41:23.4711512+05:30" start="2014-01-22T19:41:23.5871628+05:30" finish="2014-01-22T19:42:16.7334769+05:30" />
  <ResultSummary outcome="Aborted">
    <Counters total="5" executed="5" passed="2" error="0" failed="0" timeout="0" aborted="3" inconclusive="0" passedButRunAborted="0" notRunnable="0" notExecuted="0" disconnected="0" warning="0" completed="0" inProgress="0" pending="0" />
  </ResultSummary>
  <TestDefinitions>
    <UnitTest name="ForHTML_ModuleGCMS" storage="c:\users\s.g.yu7h\documents\visual studio 2010\projects\gcms_testproject\gcms_testproject\bin\debug\gcms_testproject.dll" id="383afe63-c9e2-3073-53c2-c4f08d692dc0">
      <DeploymentItems>
        <DeploymentItem filename="GCMS_TestProject\ForHTML_ModuleGCMS.csv" />
        <DeploymentItem filename="Eclips\ForHTML_Module.csv" />
        <DeploymentItem filename="GCMS_TestProject\ForHTML_Module.csv" />
      </DeploymentItems>
      <TestMethod codeBase="C:/Users/s.g.yu7h/Documents/Visual Studio 2010/Projects/GCMS_TestProject/GCMS_TestProject/bin/Debug/GCMS_TestProject.DLL" adapterTypeName="Microsoft.VisualStudio.TestTools.TestTypes.Unit.UnitTestAdapter, Microsoft.VisualStudio.QualityTools.Tips.UnitTest.Adapter, Version=10.0.0.0, Culture=neutral, PublicKeyToken=b03f5f7f11d50a3a" className="GCMS_TestProject.TestCases.AutomatedTestForGCMS_Live, GCMS_TestProject, Version=1.0.0.0, Culture=neutral, PublicKeyToken=null" name="ForHTML_ModuleGCMS" />
      <DataSource connectionString="|DataDirectory|\ForHTML_ModuleGCMS.csv" providerInvariantName="Microsoft.VisualStudio.TestTools.DataSource.CSV" tableName="ForHTML_ModuleGCMS#csv" />
    </UnitTest>
    <OrderedTest name="OrderedTestForGCMS" storage="c:\users\s.g.yu7h\documents\visual studio 2010\projects\gcms_testproject\gcms_testproject\testcases\gcms\gcms-live\orderedtestforgcms.orderedtest" id="979fbc39-7dfe-4de8-a70c-58cd2a866c7c">
      <Execution id="2d371721-25d7-48d1-b01e-ef7f2d325b46" />
      <TestLinks>
        <TestLink id="85ff564a-a662-f674-01b1-acd2beacebc4" name="JustToSignInOnlyGCMS" storage="..\..\..\bin\debug\gcms_testproject.dll" type="Microsoft.VisualStudio.TestTools.TestTypes.Unit.UnitTestElement, Microsoft.VisualStudio.QualityTools.Tips.UnitTest.ObjectModel, Version=10.0.0.0, Culture=neutral, PublicKeyToken=b03f5f7f11d50a3a" />
        <TestLink id="383afe63-c9e2-3073-53c2-c4f08d692dc0" name="ForHTML_ModuleGCMS" storage="..\..\..\bin\debug\gcms_testproject.dll" type="Microsoft.VisualStudio.TestTools.TestTypes.Unit.UnitTestElement, Microsoft.VisualStudio.QualityTools.Tips.UnitTest.ObjectModel, Version=10.0.0.0, Culture=neutral, PublicKeyToken=b03f5f7f11d50a3a" />
        <TestLink id="12b40025-3fad-e350-3381-7232d4c809c6" name="ForRSSFeedGCMS" storage="..\..\..\bin\debug\gcms_testproject.dll" type="Microsoft.VisualStudio.TestTools.TestTypes.Unit.UnitTestElement, Microsoft.VisualStudio.QualityTools.Tips.UnitTest.ObjectModel, Version=10.0.0.0, Culture=neutral, PublicKeyToken=b03f5f7f11d50a3a" />
      </TestLinks>
    </OrderedTest>
    <UnitTest name="JustToSignInOnlyGCMS" storage="c:\users\s.g.yu7h\documents\visual studio 2010\projects\gcms_testproject\gcms_testproject\bin\debug\gcms_testproject.dll" id="85ff564a-a662-f674-01b1-acd2beacebc4">
      <DeploymentItems>
        <DeploymentItem filename="GCMS_TestProject\ForHTML_ModuleGCMS.csv" />
      </DeploymentItems>
      <TestMethod codeBase="C:/Users/s.g.yu7h/Documents/Visual Studio 2010/Projects/GCMS_TestProject/GCMS_TestProject/bin/Debug/GCMS_TestProject.DLL" adapterTypeName="Microsoft.VisualStudio.TestTools.TestTypes.Unit.UnitTestAdapter, Microsoft.VisualStudio.QualityTools.Tips.UnitTest.Adapter, Version=10.0.0.0, Culture=neutral, PublicKeyToken=b03f5f7f11d50a3a" className="GCMS_TestProject.TestCases.AutomatedTestForGCMS_Live, GCMS_TestProject, Version=1.0.0.0, Culture=neutral, PublicKeyToken=null" name="JustToSignInOnlyGCMS" />
      <DataSource connectionString="|DataDirectory|\ForHTML_ModuleGCMS.csv" providerInvariantName="Microsoft.VisualStudio.TestTools.DataSource.CSV" tableName="ForHTML_ModuleGCMS#csv" />
    </UnitTest>
    <UnitTest name="ForRSSFeedGCMS" storage="c:\users\s.g.yu7h\documents\visual studio 2010\projects\gcms_testproject\gcms_testproject\bin\debug\gcms_testproject.dll" id="12b40025-3fad-e350-3381-7232d4c809c6">
      <DeploymentItems>
        <DeploymentItem filename="GCMS_TestProject\ForRSSFeed.csv" />
        <DeploymentItem filename="Eclips\ForRSSFeed.csv" />
        <DeploymentItem filename="GCMS_TestProject\ForRSSFeedGCMS.csv" />
      </DeploymentItems>
      <TestMethod codeBase="C:/Users/s.g.yu7h/Documents/Visual Studio 2010/Projects/GCMS_TestProject/GCMS_TestProject/bin/Debug/GCMS_TestProject.DLL" adapterTypeName="Microsoft.VisualStudio.TestTools.TestTypes.Unit.UnitTestAdapter, Microsoft.VisualStudio.QualityTools.Tips.UnitTest.Adapter, Version=10.0.0.0, Culture=neutral, PublicKeyToken=b03f5f7f11d50a3a" className="GCMS_TestProject.TestCases.AutomatedTestForGCMS_Live, GCMS_TestProject, Version=1.0.0.0, Culture=neutral, PublicKeyToken=null" name="ForRSSFeedGCMS" />
      <DataSource connectionString="|DataDirectory|\ForRSSFeedGCMS.csv" providerInvariantName="Microsoft.VisualStudio.TestTools.DataSource.CSV" tableName="ForRSSFeedGCMS#csv" />
    </UnitTest>
  </TestDefinitions>
  <TestLists>
    <TestList name="Results Not in a List" id="8c84fa94-04c1-424b-9868-57a2d4851a1d" />
    <TestList name="All Loaded Results" id="19431567-8539-422a-85d7-44ee4e166bda" />
  </TestLists>
  <TestEntries>
    <TestEntry testId="979fbc39-7dfe-4de8-a70c-58cd2a866c7c" executionId="2d371721-25d7-48d1-b01e-ef7f2d325b46" testListId="8c84fa94-04c1-424b-9868-57a2d4851a1d">
      <TestEntries>
        <TestEntry testId="85ff564a-a662-f674-01b1-acd2beacebc4" executionId="aa5e3ad7-76ae-44bc-a01e-f358ae87fb23" parentExecutionId="2d371721-25d7-48d1-b01e-ef7f2d325b46" testListId="8c84fa94-04c1-424b-9868-57a2d4851a1d" />
        <TestEntry testId="383afe63-c9e2-3073-53c2-c4f08d692dc0" executionId="8f139c7c-ad25-4abb-8086-03f4c710d2da" parentExecutionId="2d371721-25d7-48d1-b01e-ef7f2d325b46" testListId="8c84fa94-04c1-424b-9868-57a2d4851a1d" />
        <TestEntry testId="12b40025-3fad-e350-3381-7232d4c809c6" executionId="8d17e17e-65e5-411e-ac6b-68b2502dd2ab" parentExecutionId="2d371721-25d7-48d1-b01e-ef7f2d325b46" testListId="8c84fa94-04c1-424b-9868-57a2d4851a1d" />
      </TestEntries>
    </TestEntry>
  </TestEntries>
  <Results>
    <TestResultAggregation executionId="2d371721-25d7-48d1-b01e-ef7f2d325b46" testId="979fbc39-7dfe-4de8-a70c-58cd2a866c7c" testName="OrderedTestForGCMS" computerName="INAGFFPTEC161W" duration="00:00:50.5297237" startTime="2014-01-22T19:41:23.7571798+05:30" endTime="2014-01-22T19:42:16.6814717+05:30" testType="ec4800e8-40e5-4ab3-8510-b8bf29b1904d" outcome="Aborted" testListId="8c84fa94-04c1-424b-9868-57a2d4851a1d" relativeResultsDirectory="2d371721-25d7-48d1-b01e-ef7f2d325b46">
      <Counters error="0" failed="0" timeout="0" aborted="2" inconclusive="0" passedButRunAborted="0" notRunnable="0" notExecuted="0" disconnected="0" warning="0" passed="2" completed="0" inProgress="0" pending="1" />
      <InnerResults>
        <UnitTestResult executionId="aa5e3ad7-76ae-44bc-a01e-f358ae87fb23" parentExecutionId="2d371721-25d7-48d1-b01e-ef7f2d325b46" testId="85ff564a-a662-f674-01b1-acd2beacebc4" testName="JustToSignInOnlyGCMS" computerName="INAGFFPTEC161W" duration="00:00:37.5256053" startTime="2014-01-22T19:41:23.7991840+05:30" endTime="2014-01-22T19:42:01.5689606+05:30" testType="13cdc9d9-ddb5-4fa4-a97d-d965ccfc6d4b" outcome="Passed" testListId="8c84fa94-04c1-424b-9868-57a2d4851a1d" relativeResultsDirectory="aa5e3ad7-76ae-44bc-a01e-f358ae87fb23" resultType="DataDrivenTest">
          <Output>
          </Output>
          <Counters error="0" failed="0" timeout="0" aborted="0" inconclusive="0" passedButRunAborted="0" notRunnable="0" notExecuted="0" disconnected="0" warning="0" passed="1" completed="0" inProgress="0" pending="0" />
          <InnerResults>
            <UnitTestResult executionId="12a6e0cc-923d-4a34-bd93-1449c21aa962" parentExecutionId="aa5e3ad7-76ae-44bc-a01e-f358ae87fb23" testId="85ff564a-a662-f674-01b1-acd2beacebc4" testName="JustToSignInOnlyGCMS" computerName="INAGFFPTEC161W" duration="00:00:37.3611030" startTime="2014-01-22T19:41:24.1642205+05:30" endTime="2014-01-22T19:42:01.5489586+05:30" testType="13cdc9d9-ddb5-4fa4-a97d-d965ccfc6d4b" outcome="Passed" testListId="8c84fa94-04c1-424b-9868-57a2d4851a1d" relativeResultsDirectory="aa5e3ad7-76ae-44bc-a01e-f358ae87fb23" dataRowInfo="0" resultType="DataDrivenDataRow" />
          </InnerResults>
        </UnitTestResult>
        <UnitTestResult executionId="8f139c7c-ad25-4abb-8086-03f4c710d2da" parentExecutionId="2d371721-25d7-48d1-b01e-ef7f2d325b46" testId="383afe63-c9e2-3073-53c2-c4f08d692dc0" testName="ForHTML_ModuleGCMS" computerName="INAGFFPTEC161W" duration="00:00:12.6983468" startTime="2014-01-22T19:42:01.6089646+05:30" endTime="2014-01-22T19:42:14.3212357+05:30" testType="13cdc9d9-ddb5-4fa4-a97d-d965ccfc6d4b" outcome="Aborted" testListId="8c84fa94-04c1-424b-9868-57a2d4851a1d" relativeResultsDirectory="8f139c7c-ad25-4abb-8086-03f4c710d2da" resultType="DataDrivenTest">
          <Output>
          </Output>
          <Counters error="0" failed="0" timeout="0" aborted="1" inconclusive="0" passedButRunAborted="0" notRunnable="0" notExecuted="0" disconnected="0" warning="0" passed="0" completed="0" inProgress="0" pending="0" />
          <InnerResults>
            <UnitTestResult executionId="e10ecd37-49ed-4948-9d2f-77537acfe681" parentExecutionId="8f139c7c-ad25-4abb-8086-03f4c710d2da" testId="383afe63-c9e2-3073-53c2-c4f08d692dc0" testName="ForHTML_ModuleGCMS" computerName="INAGFFPTEC161W" duration="00:00:12.5646260" startTime="2014-01-22T19:42:01.7249762+05:30" endTime="2014-01-22T19:42:14.3162352+05:30" testType="13cdc9d9-ddb5-4fa4-a97d-d965ccfc6d4b" outcome="Aborted" testListId="8c84fa94-04c1-424b-9868-57a2d4851a1d" relativeResultsDirectory="8f139c7c-ad25-4abb-8086-03f4c710d2da" dataRowInfo="0" resultType="DataDrivenDataRow">
              <Output>
                <ErrorInfo>
                  <Message>The test was aborted due to user request or timeout.</Message>
                </ErrorInfo>
              </Output>
            </UnitTestResult>
          </InnerResults>
        </UnitTestResult>
        <TestResult executionId="8d17e17e-65e5-411e-ac6b-68b2502dd2ab" parentExecutionId="2d371721-25d7-48d1-b01e-ef7f2d325b46" testId="12b40025-3fad-e350-3381-7232d4c809c6" testName="ForRSSFeedGCMS" computerName="INAGFFPTEC161W" testType="13cdc9d9-ddb5-4fa4-a97d-d965ccfc6d4b" outcome="Pending" testListId="8c84fa94-04c1-424b-9868-57a2d4851a1d" relativeResultsDirectory="8d17e17e-65e5-411e-ac6b-68b2502dd2ab" />
      </InnerResults>
    </TestResultAggregation>
  </Results>
</TestRun>